// Jest Snapshot v1, https://goo.gl/fbAQLP

exports[`<RequestRest /> renders and matches snapshot 1`] = `null`;
